
> frontend@0.1.0 build
> next build

Ôû▓ Next.js 16.1.6 (Turbopack)

node.exe : ÔÜá The 
"middleware" file convention 
is deprecated. Please use 
"proxy" instead. Learn more: h
ttps://nextjs.org/docs/message
s/middleware-to-proxy
En línea: 1 Carácter: 1
+ & "C:\Program 
Files\nodejs/node.exe" "C:\Use
rs\Miquel\AppData\Roaming ...
+ ~~~~~~~~~~~~~~~~~~~~~~~~~~~~
~~~~~~~~~~~~~~~~~~~~~~~~~~~~~~
~~~~~~~~~~~
    + CategoryInfo          : 
    NotSpecified: (ÔÜá The "  
  middle...leware-to-proxy:   
 String) [], RemoteExcepti    
on
    + FullyQualifiedErrorId : 
    NativeCommandError
 
  Creating an optimized production build ...

> Build error occurred
Error: Turbopack build failed 
with 1 errors:
./components/ui/button.tsx:6:1
Module not found: Can't 
resolve '@/lib/utils'
[0m [90m 4 |[39m 
[36mimport[39m { 
cva[33m,[39m type 
[33mVariantProps[39m } 
[36mfrom[39m [32m"class-var
iance-authority"[39m
 [90m 5 |[39m
[31m[1m>[22m[39m[90m 6 
|[39m [36mimport[39m { cn 
} [36mfrom[39m 
[32m"@/lib/utils"[39m
 [90m   |[39m [31m[1m^[22
m[39m[31m[1m^[22m[39m[31
m[1m^[22m[39m[31m[1m^[22
m[39m[31m[1m^[22m[39m[31
m[1m^[22m[39m[31m[1m^[22
m[39m[31m[1m^[22m[39m[31
m[1m^[22m[39m[31m[1m^[22
m[39m[31m[1m^[22m[39m[31
m[1m^[22m[39m[31m[1m^[22
m[39m[31m[1m^[22m[39m[31
m[1m^[22m[39m[31m[1m^[22
m[39m[31m[1m^[22m[39m[31
m[1m^[22m[39m[31m[1m^[22
m[39m[31m[1m^[22m[39m[31
m[1m^[22m[39m[31m[1m^[22
m[39m[31m[1m^[22m[39m[31
m[1m^[22m[39m[31m[1m^[22
m[39m[31m[1m^[22m[39m[31
m[1m^[22m[39m[31m[1m^[22
m[39m[31m[1m^[22m[39m[31
m[1m^[22m[39m[31m[1m^[22
m[39m[31m[1m^[22m[39m
 [90m 7 |[39m
 [90m 8 |[39m 
[36mconst[39m 
buttonVariants [33m=[39m 
cva(
 [90m 9 |[39m   
[32m"group/button 
inline-flex shrink-0 
items-center justify-center 
rounded-lg border 
border-transparent 
bg-clip-padding text-sm 
font-medium whitespace-nowrap 
transition-all outline-none 
select-none 
focus-visible:border-ring 
focus-visible:ring-3 
focus-visible:ring-ring/50 
disabled:pointer-events-none 
disabled:opacity-50 aria-inval
id:border-destructive 
aria-invalid:ring-3 aria-inval
id:ring-destructive/20 dark:ar
ia-invalid:border-destructive/
50 dark:aria-invalid:ring-dest
ructive/40 
[&_svg]:pointer-events-none 
[&_svg]:shrink-0 [&_svg:not([c
lass*='size-'])]:size-4"[39m
[33m,[39m[0m

Import map: aliased to 
relative './lib/utils' inside 
of [project]/


Import traces:
  Client Component Browser:
    
./components/ui/button.tsx 
[Client Component Browser]
    ./app/(app)/contactes/page
.tsx [Client Component 
Browser]
    ./app/(app)/contactes/page
.tsx [Server Component]

  Client Component SSR:
    
./components/ui/button.tsx 
[Client Component SSR]
    ./app/(app)/contactes/page
.tsx [Client Component SSR]
    ./app/(app)/contactes/page
.tsx [Server Component]

https://nextjs.org/docs/messag
es/module-not-found


    at <unknown> (./components
/ui/button.tsx:6:1)
    at <unknown> (https://next
js.org/docs/messages/module-no
t-found)
